[2024-12-16T00:03:13.348+0530][gc,heap] Heap region size: 1M
[2024-12-16T00:03:13.357+0530][gc     ] Using G1
[2024-12-16T00:03:13.357+0530][gc,heap,coops] Heap address: 0x00000007c0000000, size: 1024 MB, Compressed Oops mode: Zero based, Oop shift amount: 3
[2024-12-16T00:03:19.882+0530][gc,start     ] GC(0) Pause Young (Concurrent Start) (Metadata GC Threshold)
[2024-12-16T00:03:19.882+0530][gc,task      ] GC(0) Using 4 workers of 4 for evacuation
[2024-12-16T00:03:19.892+0530][gc,phases    ] GC(0)   Pre Evacuate Collection Set: 0.0ms
[2024-12-16T00:03:19.892+0530][gc,phases    ] GC(0)   Evacuate Collection Set: 8.7ms
[2024-12-16T00:03:19.892+0530][gc,phases    ] GC(0)   Post Evacuate Collection Set: 0.5ms
[2024-12-16T00:03:19.892+0530][gc,phases    ] GC(0)   Other: 0.8ms
[2024-12-16T00:03:19.892+0530][gc,heap      ] GC(0) Eden regions: 49->0(44)
[2024-12-16T00:03:19.892+0530][gc,heap      ] GC(0) Survivor regions: 0->7(7)
[2024-12-16T00:03:19.892+0530][gc,heap      ] GC(0) Old regions: 0->1
[2024-12-16T00:03:19.892+0530][gc,heap      ] GC(0) Humongous regions: 0->0
[2024-12-16T00:03:19.892+0530][gc,metaspace ] GC(0) Metaspace: 20723K->20723K(1069056K)
[2024-12-16T00:03:19.892+0530][gc           ] GC(0) Pause Young (Concurrent Start) (Metadata GC Threshold) 49M->7M(1024M) 10.155ms
[2024-12-16T00:03:19.892+0530][gc,cpu       ] GC(0) User=0.02s Sys=0.00s Real=0.01s
[2024-12-16T00:03:19.892+0530][gc           ] GC(1) Concurrent Cycle
[2024-12-16T00:03:19.892+0530][gc,marking   ] GC(1) Concurrent Clear Claimed Marks
[2024-12-16T00:03:19.893+0530][gc,marking   ] GC(1) Concurrent Clear Claimed Marks 0.024ms
[2024-12-16T00:03:19.893+0530][gc,marking   ] GC(1) Concurrent Scan Root Regions
[2024-12-16T00:03:19.896+0530][gc,marking   ] GC(1) Concurrent Scan Root Regions 3.747ms
[2024-12-16T00:03:19.896+0530][gc,marking   ] GC(1) Concurrent Mark (6.557s)
[2024-12-16T00:03:19.896+0530][gc,marking   ] GC(1) Concurrent Mark From Roots
[2024-12-16T00:03:19.896+0530][gc,task      ] GC(1) Using 1 workers of 1 for marking
[2024-12-16T00:03:19.898+0530][gc,marking   ] GC(1) Concurrent Mark From Roots 1.155ms
[2024-12-16T00:03:19.898+0530][gc,marking   ] GC(1) Concurrent Preclean
[2024-12-16T00:03:19.898+0530][gc,marking   ] GC(1) Concurrent Preclean 0.034ms
[2024-12-16T00:03:19.898+0530][gc,marking   ] GC(1) Concurrent Mark (6.557s, 6.559s) 1.302ms
[2024-12-16T00:03:19.898+0530][gc,start     ] GC(1) Pause Remark
[2024-12-16T00:03:19.901+0530][gc,stringtable] GC(1) Cleaned string and symbol table, strings: 7107 processed, 0 removed, symbols: 66318 processed, 28 removed
[2024-12-16T00:03:19.901+0530][gc            ] GC(1) Pause Remark 7M->7M(1024M) 2.989ms
[2024-12-16T00:03:19.901+0530][gc,cpu        ] GC(1) User=0.00s Sys=0.00s Real=0.01s
[2024-12-16T00:03:19.901+0530][gc,marking    ] GC(1) Concurrent Rebuild Remembered Sets
[2024-12-16T00:03:19.902+0530][gc,marking    ] GC(1) Concurrent Rebuild Remembered Sets 1.168ms
[2024-12-16T00:03:19.902+0530][gc,start      ] GC(1) Pause Cleanup
[2024-12-16T00:03:19.903+0530][gc            ] GC(1) Pause Cleanup 7M->7M(1024M) 0.133ms
[2024-12-16T00:03:19.903+0530][gc,cpu        ] GC(1) User=0.00s Sys=0.00s Real=0.00s
[2024-12-16T00:03:19.903+0530][gc,marking    ] GC(1) Concurrent Cleanup for Next Mark
[2024-12-16T00:03:19.912+0530][gc,marking    ] GC(1) Concurrent Cleanup for Next Mark 9.097ms
[2024-12-16T00:03:19.912+0530][gc            ] GC(1) Concurrent Cycle 19.857ms
[2024-12-16T00:03:21.289+0530][gc,start      ] GC(2) Pause Young (Normal) (G1 Evacuation Pause)
[2024-12-16T00:03:21.289+0530][gc,task       ] GC(2) Using 4 workers of 4 for evacuation
[2024-12-16T00:03:21.297+0530][gc,phases     ] GC(2)   Pre Evacuate Collection Set: 0.0ms
[2024-12-16T00:03:21.297+0530][gc,phases     ] GC(2)   Evacuate Collection Set: 7.3ms
[2024-12-16T00:03:21.297+0530][gc,phases     ] GC(2)   Post Evacuate Collection Set: 0.4ms
[2024-12-16T00:03:21.297+0530][gc,phases     ] GC(2)   Other: 0.2ms
[2024-12-16T00:03:21.297+0530][gc,heap       ] GC(2) Eden regions: 44->0(49)
[2024-12-16T00:03:21.297+0530][gc,heap       ] GC(2) Survivor regions: 7->2(7)
[2024-12-16T00:03:21.297+0530][gc,heap       ] GC(2) Old regions: 1->8
[2024-12-16T00:03:21.297+0530][gc,heap       ] GC(2) Humongous regions: 0->0
[2024-12-16T00:03:21.297+0530][gc,metaspace  ] GC(2) Metaspace: 29302K->29302K(1075200K)
[2024-12-16T00:03:21.297+0530][gc            ] GC(2) Pause Young (Normal) (G1 Evacuation Pause) 51M->8M(1024M) 8.050ms
[2024-12-16T00:03:21.297+0530][gc,cpu        ] GC(2) User=0.02s Sys=0.01s Real=0.01s
[2024-12-16T00:03:22.267+0530][gc,start      ] GC(3) Pause Young (Concurrent Start) (Metadata GC Threshold)
[2024-12-16T00:03:22.267+0530][gc,task       ] GC(3) Using 4 workers of 4 for evacuation
[2024-12-16T00:03:22.274+0530][gc,phases     ] GC(3)   Pre Evacuate Collection Set: 0.0ms
[2024-12-16T00:03:22.274+0530][gc,phases     ] GC(3)   Evacuate Collection Set: 6.4ms
[2024-12-16T00:03:22.274+0530][gc,phases     ] GC(3)   Post Evacuate Collection Set: 0.2ms
[2024-12-16T00:03:22.274+0530][gc,phases     ] GC(3)   Other: 0.2ms
[2024-12-16T00:03:22.274+0530][gc,heap       ] GC(3) Eden regions: 34->0(47)
[2024-12-16T00:03:22.274+0530][gc,heap       ] GC(3) Survivor regions: 2->4(7)
[2024-12-16T00:03:22.274+0530][gc,heap       ] GC(3) Old regions: 8->8
[2024-12-16T00:03:22.274+0530][gc,heap       ] GC(3) Humongous regions: 129->129
[2024-12-16T00:03:22.274+0530][gc,metaspace  ] GC(3) Metaspace: 34707K->34707K(1081344K)
[2024-12-16T00:03:22.274+0530][gc            ] GC(3) Pause Young (Concurrent Start) (Metadata GC Threshold) 171M->139M(1024M) 6.933ms
[2024-12-16T00:03:22.274+0530][gc,cpu        ] GC(3) User=0.01s Sys=0.00s Real=0.01s
[2024-12-16T00:03:22.274+0530][gc            ] GC(4) Concurrent Cycle
[2024-12-16T00:03:22.274+0530][gc,marking    ] GC(4) Concurrent Clear Claimed Marks
[2024-12-16T00:03:22.274+0530][gc,marking    ] GC(4) Concurrent Clear Claimed Marks 0.027ms
[2024-12-16T00:03:22.274+0530][gc,marking    ] GC(4) Concurrent Scan Root Regions
[2024-12-16T00:03:22.277+0530][gc,marking    ] GC(4) Concurrent Scan Root Regions 2.621ms
[2024-12-16T00:03:22.277+0530][gc,marking    ] GC(4) Concurrent Mark (8.937s)
[2024-12-16T00:03:22.277+0530][gc,marking    ] GC(4) Concurrent Mark From Roots
[2024-12-16T00:03:22.277+0530][gc,task       ] GC(4) Using 1 workers of 1 for marking
[2024-12-16T00:03:22.287+0530][gc,marking    ] GC(4) Concurrent Mark From Roots 10.023ms
[2024-12-16T00:03:22.287+0530][gc,marking    ] GC(4) Concurrent Preclean
[2024-12-16T00:03:22.287+0530][gc,marking    ] GC(4) Concurrent Preclean 0.079ms
[2024-12-16T00:03:22.287+0530][gc,marking    ] GC(4) Concurrent Mark (8.937s, 8.948s) 10.222ms
[2024-12-16T00:03:22.288+0530][gc,start      ] GC(4) Pause Remark
[2024-12-16T00:03:22.291+0530][gc,stringtable] GC(4) Cleaned string and symbol table, strings: 10982 processed, 10 removed, symbols: 99638 processed, 25 removed
[2024-12-16T00:03:22.292+0530][gc            ] GC(4) Pause Remark 141M->141M(1024M) 4.050ms
[2024-12-16T00:03:22.292+0530][gc,cpu        ] GC(4) User=0.01s Sys=0.00s Real=0.01s
[2024-12-16T00:03:22.292+0530][gc,marking    ] GC(4) Concurrent Rebuild Remembered Sets
[2024-12-16T00:03:22.297+0530][gc,marking    ] GC(4) Concurrent Rebuild Remembered Sets 5.265ms
[2024-12-16T00:03:22.297+0530][gc,start      ] GC(4) Pause Cleanup
[2024-12-16T00:03:22.297+0530][gc            ] GC(4) Pause Cleanup 141M->141M(1024M) 0.138ms
[2024-12-16T00:03:22.297+0530][gc,cpu        ] GC(4) User=0.00s Sys=0.00s Real=0.00s
[2024-12-16T00:03:22.297+0530][gc,marking    ] GC(4) Concurrent Cleanup for Next Mark
[2024-12-16T00:03:22.307+0530][gc,marking    ] GC(4) Concurrent Cleanup for Next Mark 10.241ms
[2024-12-16T00:03:22.308+0530][gc            ] GC(4) Concurrent Cycle 33.669ms
[2024-12-16T00:03:22.959+0530][gc,start      ] GC(5) Pause Young (Normal) (G1 Evacuation Pause)
[2024-12-16T00:03:22.959+0530][gc,task       ] GC(5) Using 4 workers of 4 for evacuation
[2024-12-16T00:03:22.967+0530][gc,phases     ] GC(5)   Pre Evacuate Collection Set: 0.0ms
[2024-12-16T00:03:22.967+0530][gc,phases     ] GC(5)   Evacuate Collection Set: 7.5ms
[2024-12-16T00:03:22.967+0530][gc,phases     ] GC(5)   Post Evacuate Collection Set: 0.5ms
[2024-12-16T00:03:22.967+0530][gc,phases     ] GC(5)   Other: 0.2ms
[2024-12-16T00:03:22.968+0530][gc,heap       ] GC(5) Eden regions: 47->0(44)
[2024-12-16T00:03:22.968+0530][gc,heap       ] GC(5) Survivor regions: 4->7(7)
[2024-12-16T00:03:22.968+0530][gc,heap       ] GC(5) Old regions: 8->8
[2024-12-16T00:03:22.968+0530][gc,heap       ] GC(5) Humongous regions: 129->129
[2024-12-16T00:03:22.968+0530][gc,metaspace  ] GC(5) Metaspace: 42344K->42344K(1087488K)
[2024-12-16T00:03:22.968+0530][gc            ] GC(5) Pause Young (Normal) (G1 Evacuation Pause) 186M->143M(1024M) 8.292ms
[2024-12-16T00:03:22.968+0530][gc,cpu        ] GC(5) User=0.03s Sys=0.00s Real=0.01s
[2024-12-16T00:21:29.525+0530][gc,start      ] GC(6) Pause Young (Normal) (G1 Evacuation Pause)
[2024-12-16T00:21:29.527+0530][gc,task       ] GC(6) Using 4 workers of 4 for evacuation
[2024-12-16T00:21:29.943+0530][gc,mmu        ] GC(6) MMU target violated: 21.0ms (20.0ms/21.0ms)
[2024-12-16T00:21:29.943+0530][gc,phases     ] GC(6)   Pre Evacuate Collection Set: 8.8ms
[2024-12-16T00:21:29.943+0530][gc,phases     ] GC(6)   Evacuate Collection Set: 399.5ms
[2024-12-16T00:21:29.943+0530][gc,phases     ] GC(6)   Post Evacuate Collection Set: 3.3ms
[2024-12-16T00:21:29.943+0530][gc,phases     ] GC(6)   Other: 9.5ms
[2024-12-16T00:21:29.943+0530][gc,heap       ] GC(6) Eden regions: 44->0(48)
[2024-12-16T00:21:29.943+0530][gc,heap       ] GC(6) Survivor regions: 7->3(7)
[2024-12-16T00:21:29.943+0530][gc,heap       ] GC(6) Old regions: 8->15
[2024-12-16T00:21:29.943+0530][gc,heap       ] GC(6) Humongous regions: 129->129
[2024-12-16T00:21:29.943+0530][gc,metaspace  ] GC(6) Metaspace: 48049K->48049K(1093632K)
[2024-12-16T00:21:29.943+0530][gc            ] GC(6) Pause Young (Normal) (G1 Evacuation Pause) 187M->145M(1024M) 418.522ms
[2024-12-16T00:21:29.943+0530][gc,cpu        ] GC(6) User=0.06s Sys=0.17s Real=0.42s
