[2024-12-16T00:00:16.428+0530][gc,heap] Heap region size: 1M
[2024-12-16T00:00:16.432+0530][gc     ] Using G1
[2024-12-16T00:00:16.432+0530][gc,heap,coops] Heap address: 0x00000007e0000000, size: 512 MB, Compressed Oops mode: Zero based, Oop shift amount: 3
[2024-12-16T00:00:22.435+0530][gc,start     ] GC(0) Pause Young (Normal) (G1 Evacuation Pause)
[2024-12-16T00:00:22.435+0530][gc,task      ] GC(0) Using 4 workers of 4 for evacuation
[2024-12-16T00:00:22.445+0530][gc,phases    ] GC(0)   Pre Evacuate Collection Set: 0.0ms
[2024-12-16T00:00:22.445+0530][gc,phases    ] GC(0)   Evacuate Collection Set: 8.6ms
[2024-12-16T00:00:22.445+0530][gc,phases    ] GC(0)   Post Evacuate Collection Set: 0.4ms
[2024-12-16T00:00:22.445+0530][gc,phases    ] GC(0)   Other: 1.5ms
[2024-12-16T00:00:22.445+0530][gc,heap      ] GC(0) Eden regions: 25->0(21)
[2024-12-16T00:00:22.445+0530][gc,heap      ] GC(0) Survivor regions: 0->4(4)
[2024-12-16T00:00:22.445+0530][gc,heap      ] GC(0) Old regions: 0->4
[2024-12-16T00:00:22.445+0530][gc,heap      ] GC(0) Humongous regions: 0->0
[2024-12-16T00:00:22.445+0530][gc,metaspace ] GC(0) Metaspace: 14596K->14596K(1062912K)
[2024-12-16T00:00:22.445+0530][gc           ] GC(0) Pause Young (Normal) (G1 Evacuation Pause) 25M->7M(512M) 10.805ms
[2024-12-16T00:00:22.445+0530][gc,cpu       ] GC(0) User=0.02s Sys=0.00s Real=0.01s
[2024-12-16T00:00:22.525+0530][gc,heap,exit ] Heap
[2024-12-16T00:00:22.525+0530][gc,heap,exit ]  garbage-first heap   total 524288K, used 10905K [0x00000007e0000000, 0x0000000800000000)
[2024-12-16T00:00:22.525+0530][gc,heap,exit ]   region size 1024K, 8 young (8192K), 4 survivors (4096K)
[2024-12-16T00:00:22.525+0530][gc,heap,exit ]  Metaspace       used 15171K, capacity 15465K, committed 15488K, reserved 1062912K
[2024-12-16T00:00:22.525+0530][gc,heap,exit ]   class space    used 1530K, capacity 1657K, committed 1664K, reserved 1048576K
