[2024-12-16T00:01:40.259+0530][gc,heap] Heap region size: 1M
[2024-12-16T00:01:40.264+0530][gc     ] Using G1
[2024-12-16T00:01:40.264+0530][gc,heap,coops] Heap address: 0x00000007e0000000, size: 512 MB, Compressed Oops mode: Zero based, Oop shift amount: 3
[2024-12-16T00:01:46.162+0530][gc,start     ] GC(0) Pause Young (Normal) (G1 Evacuation Pause)
[2024-12-16T00:01:46.162+0530][gc,task      ] GC(0) Using 4 workers of 4 for evacuation
[2024-12-16T00:01:46.169+0530][gc,phases    ] GC(0)   Pre Evacuate Collection Set: 0.0ms
[2024-12-16T00:01:46.169+0530][gc,phases    ] GC(0)   Evacuate Collection Set: 6.9ms
[2024-12-16T00:01:46.169+0530][gc,phases    ] GC(0)   Post Evacuate Collection Set: 0.5ms
[2024-12-16T00:01:46.169+0530][gc,phases    ] GC(0)   Other: 0.3ms
[2024-12-16T00:01:46.170+0530][gc,heap      ] GC(0) Eden regions: 25->0(21)
[2024-12-16T00:01:46.170+0530][gc,heap      ] GC(0) Survivor regions: 0->4(4)
[2024-12-16T00:01:46.170+0530][gc,heap      ] GC(0) Old regions: 0->4
[2024-12-16T00:01:46.170+0530][gc,heap      ] GC(0) Humongous regions: 0->0
[2024-12-16T00:01:46.170+0530][gc,metaspace ] GC(0) Metaspace: 14537K->14537K(1062912K)
[2024-12-16T00:01:46.170+0530][gc           ] GC(0) Pause Young (Normal) (G1 Evacuation Pause) 25M->7M(512M) 7.913ms
[2024-12-16T00:01:46.170+0530][gc,cpu       ] GC(0) User=0.01s Sys=0.00s Real=0.01s
